---
source: apyxl/src/parser/validation.rs
expression: api
---
name: _
children:
  - Namespace:
      name: ns
      children: []
      attributes:
        chunk: ~
        entity_id:
          components: []
        comments: []
        user: []
      is_virtual: false
attributes:
  chunk: ~
  entity_id:
    components: []
  comments: []
  user: []
is_virtual: false
